[Licensing::Module] Trying to connect to existing licensing client channel...
Built from '6000.5/staging' branch; Version is '6000.5.0f1 (88b47c5e7076) revision 8959100'; Using compiler version '194234433'; Build Type 'Release'
[Licensing::IpcConnector] Successfully connected to: "LicenseClient-Reegon" at "2026-07-06T16:20:13.0879793Z"
OS: 'Windows 11  (10.0.26200) Enterprise' Language: 'zh' Physical Memory: 32581 MB
BatchMode: 1, IsHumanControllingUs: 0, StartBugReporterOnCrash: 0, Is64bit: 1
System  architecture: x64
Process architecture: x64
Date: 2026-07-06T16:20:13Z

COMMAND LINE ARGUMENTS:
C:\Program Files\Unity\Hub\Editor\6000.5.0f1\Editor\Unity.exe
-batchmode
-quit
-projectPath
.
-executeMethod
TsukiVox.AudioPrototype.Editor.CreateAudioPrototypeScene.CreateScene
-logFile
scene-regen.log
Successfully changed project path to: C:/Users/Reegon/Documents/TsukiVox_Unity
C:/Users/Reegon/Documents/TsukiVox_Unity
Exiting without the bug reporter. Application will terminate with return code 1